// Jest Snapshot v1, https://goo.gl/fbAQLP

exports[`Button Should render component snapshot 1`] = `
<button
  className="button test-classname"
  onClick={[Function]}
>
  TestName
</button>
`;
